Archive member included to satisfy reference by file (symbol)

C:/riscv/xpack-riscv-none-elf-gcc/bin/../lib/gcc/riscv-none-elf/15.2.0/rv32im/ilp32\libgcc.a(_clzsi2.o)
                              C:\Users\a0968\AppData\Local\Temp\cc6gtPRp.o (__clzsi2)
C:/riscv/xpack-riscv-none-elf-gcc/bin/../lib/gcc/riscv-none-elf/15.2.0/rv32im/ilp32\libgcc.a(_clz.o)
                              C:/riscv/xpack-riscv-none-elf-gcc/bin/../lib/gcc/riscv-none-elf/15.2.0/rv32im/ilp32\libgcc.a(_clzsi2.o) (__clz_tab)

There are no discarded input sections

Memory Configuration

Name             Origin             Length             Attributes
DDR              0x80000000         0x00080000         xrw
*default*        0x00000000         0xffffffff

Linker script and memory map

                0x80000000                        . = ORIGIN (DDR)

.text           0x80000000     0x5154
 *(.text.start)
 .text.start    0x80000000       0x50 C:\Users\a0968\AppData\Local\Temp\ccK2UEEj.o
                0x80000000                _start
 *(.text*)
 .text          0x80000050        0x0 C:\Users\a0968\AppData\Local\Temp\ccK2UEEj.o
 .text          0x80000050      0x31c C:\Users\a0968\AppData\Local\Temp\ccqMhSEX.o
 .text.startup  0x8000036c      0x134 C:\Users\a0968\AppData\Local\Temp\ccqMhSEX.o
                0x8000036c                main
 .text          0x800004a0      0x12c C:\Users\a0968\AppData\Local\Temp\ccsXYfLJ.o
                0x800004a0                rtos_uart_putc
                0x800004c0                rtos_uart_write
                0x80000518                rtos_uart_write_hex32
                0x8000058c                rtos_uart_write_line
                0x800005b4                rtos_uart_wait_tx_idle
 .text          0x800005cc      0x3cc C:\Users\a0968\AppData\Local\Temp\ccAH2ACD.o
                0x800005cc                vAssertCalled
                0x800006a4                vApplicationGetIdleTaskMemory
                0x800006c4                vApplicationStackOverflowHook
                0x80000710                freertos_risc_v_application_exception_handler
                0x80000854                freertos_risc_v_application_interrupt_handler
 .text          0x80000998       0xe0 C:\Users\a0968\AppData\Local\Temp\ccOm2HiB.o
                0x80000998                memset
                0x800009b4                memcpy
                0x800009d8                memmove
                0x80000a20                memcmp
                0x80000a54                strlen
 .text          0x80000a78       0xec C:\Users\a0968\AppData\Local\Temp\ccuKxdlG.o
                0x80000a78                vListInitialise
                0x80000a98                vListInitialiseItem
                0x80000aa0                vListInsertEnd
                0x80000acc                vListInsert
                0x80000b1c                uxListRemove
 .text          0x80000b64     0x1718 C:\Users\a0968\AppData\Local\Temp\ccvI2nOS.o
                0x80000d64                xQueueGenericReset
                0x80000e94                xQueueGenericCreateStatic
                0x80000f80                xQueueGenericGetStaticBuffers
                0x8000101c                xQueueGenericSend
                0x800012d8                xQueueGenericSendFromISR
                0x80001474                xQueueGiveFromISR
                0x800015b0                xQueueReceive
                0x80001874                xQueueSemaphoreTake
                0x80001ae8                xQueuePeek
                0x80001da0                xQueueReceiveFromISR
                0x80001f4c                xQueuePeekFromISR
                0x80002070                uxQueueMessagesWaiting
                0x800020e0                uxQueueSpacesAvailable
                0x80002160                uxQueueMessagesWaitingFromISR
                0x800021a4                vQueueDelete
                0x800021c4                uxQueueGetQueueItemSize
                0x800021cc                uxQueueGetQueueLength
                0x800021d4                xQueueIsQueueEmptyFromISR
                0x80002220                xQueueIsQueueFullFromISR
 .text          0x8000227c     0x2094 C:\Users\a0968\AppData\Local\Temp\cc6gtPRp.o
                0x80002618                xTaskCreateStatic
                0x800029ec                vTaskStartScheduler
                0x80002aa0                vTaskEndScheduler
                0x80002ab4                vTaskSuspendAll
                0x80002ac8                xTaskResumeAll
                0x80002d24                vTaskDelay
                0x80002dbc                xTaskGetTickCount
                0x80002dc8                xTaskGetTickCountFromISR
                0x80002dd4                uxTaskGetNumberOfTasks
                0x80002de0                pcTaskGetName
                0x80002e34                xTaskGetStaticBuffers
                0x80002efc                xTaskCatchUpTicks
                0x80002f7c                xTaskIncrementTick
                0x80002fa8                vTaskSwitchContext
                0x800030dc                vTaskPlaceOnEventList
                0x80003148                vTaskPlaceOnUnorderedEventList
                0x8000323c                xTaskRemoveFromEventList
                0x800033c0                vTaskRemoveFromUnorderedEventList
                0x80003564                vTaskSetTimeOutState
                0x800035d4                vTaskInternalSetTimeOutState
                0x800035f0                xTaskCheckForTimeOut
                0x800036dc                vTaskMissedYield
                0x800036ec                xTaskGetSchedulerState
                0x80003710                uxTaskResetEventItemValue
                0x80003738                ulTaskGenericNotifyTake
                0x80003880                xTaskGenericNotifyWait
                0x80003a10                xTaskGenericNotify
                0x80003ca4                xTaskGenericNotifyFromISR
                0x80003f90                vTaskGenericNotifyGiveFromISR
                0x80004190                xTaskGenericNotifyStateClear
                0x80004220                ulTaskGenericNotifyValueClear
                0x800042b4                vTaskResetState
 .text          0x80004310       0xe8 C:\Users\a0968\AppData\Local\Temp\ccL7FlV4.o
                0x80004310                vPortSetupTimerInterrupt
                0x800043a8                xPortStartScheduler
                0x800043f4                vPortEndScheduler
 .text          0x800043f8      0x120 C:\Users\a0968\AppData\Local\Temp\ccYpOEOM.o
                0x800043f8                pxPortInitialiseStack
                0x80004458                xPortStartFirstTask
 .text.freertos_risc_v_exception_handler
                0x80004518      0x20c C:\Users\a0968\AppData\Local\Temp\ccYpOEOM.o
                0x80004518                freertos_risc_v_exception_handler
 .text.freertos_risc_v_interrupt_handler
                0x80004724      0x154 C:\Users\a0968\AppData\Local\Temp\ccYpOEOM.o
                0x80004724                freertos_risc_v_interrupt_handler
 .text.freertos_risc_v_mtimer_interrupt_handler
                0x80004878      0x1a4 C:\Users\a0968\AppData\Local\Temp\ccYpOEOM.o
                0x80004878                freertos_risc_v_mtimer_interrupt_handler
 *fill*         0x80004a1c       0xe4 
 .text.freertos_risc_v_trap_handler
                0x80004b00      0x200 C:\Users\a0968\AppData\Local\Temp\ccYpOEOM.o
                0x80004b00                freertos_risc_v_trap_handler
 .text          0x80004d00        0x0 C:/riscv/xpack-riscv-none-elf-gcc/bin/../lib/gcc/riscv-none-elf/15.2.0/rv32im/ilp32\libgcc.a(_clzsi2.o)
 .text.__clzsi2
                0x80004d00       0x88 C:/riscv/xpack-riscv-none-elf-gcc/bin/../lib/gcc/riscv-none-elf/15.2.0/rv32im/ilp32\libgcc.a(_clzsi2.o)
                0x80004d00                __clzsi2
 .text          0x80004d88        0x0 C:/riscv/xpack-riscv-none-elf-gcc/bin/../lib/gcc/riscv-none-elf/15.2.0/rv32im/ilp32\libgcc.a(_clz.o)
 *(.rodata*)
 .rodata.str1.4
                0x80004d88      0x28e C:\Users\a0968\AppData\Local\Temp\ccqMhSEX.o
                                0x10d (size before relaxing)
 .rodata.str1.4
                0x80005016        0x0 C:\Users\a0968\AppData\Local\Temp\ccsXYfLJ.o
                                  0x6 (size before relaxing)
 *fill*         0x80005016        0x2 
 .rodata        0x80005018       0x11 C:\Users\a0968\AppData\Local\Temp\ccsXYfLJ.o
 .rodata.str1.4
                0x80005029        0x0 C:\Users\a0968\AppData\Local\Temp\ccAH2ACD.o
                                 0xc8 (size before relaxing)
 .rodata.str1.4
                0x80005029        0x0 C:\Users\a0968\AppData\Local\Temp\ccvI2nOS.o
                                 0x5e (size before relaxing)
 .rodata.str1.4
                0x80005029        0x0 C:\Users\a0968\AppData\Local\Temp\cc6gtPRp.o
                                 0x5e (size before relaxing)
 *fill*         0x80005029        0x3 
 .rodata        0x8000502c       0x28 C:\Users\a0968\AppData\Local\Temp\cc6gtPRp.o
 .rodata.__clz_tab
                0x80005054      0x100 C:/riscv/xpack-riscv-none-elf-gcc/bin/../lib/gcc/riscv-none-elf/15.2.0/rv32im/ilp32\libgcc.a(_clz.o)
                0x80005054                __clz_tab

.srodata        0x80005154       0x10
 .srodata       0x80005154        0x4 C:\Users\a0968\AppData\Local\Temp\cc6gtPRp.o
 .srodata       0x80005158        0xc C:\Users\a0968\AppData\Local\Temp\ccL7FlV4.o
                0x80005158                ullMachineTimerCompareRegisterBase
                0x8000515c                uxTimerIncrementsForOneTick
                0x80005160                xISRStackTop

.rela.dyn       0x80005164        0x0
 .rela.text.start
                0x80005164        0x0 C:\Users\a0968\AppData\Local\Temp\ccK2UEEj.o

.data           0x80005164        0xc
                0x80005164                        . = ALIGN (0x4)
                0x80005964                        __global_pointer$ = (. + 0x800)
 *(.sdata*)
 .sdata         0x80005164        0xc C:\Users\a0968\AppData\Local\Temp\ccL7FlV4.o
                0x80005164                pxCriticalNesting
                0x80005168                xCriticalNesting
                0x8000516c                pullNextTime
 *(.data*)
 .data          0x80005170        0x0 C:\Users\a0968\AppData\Local\Temp\ccK2UEEj.o
 .data          0x80005170        0x0 C:\Users\a0968\AppData\Local\Temp\ccqMhSEX.o
 .data          0x80005170        0x0 C:\Users\a0968\AppData\Local\Temp\ccsXYfLJ.o
 .data          0x80005170        0x0 C:\Users\a0968\AppData\Local\Temp\ccAH2ACD.o
 .data          0x80005170        0x0 C:\Users\a0968\AppData\Local\Temp\ccOm2HiB.o
 .data          0x80005170        0x0 C:\Users\a0968\AppData\Local\Temp\ccuKxdlG.o
 .data          0x80005170        0x0 C:\Users\a0968\AppData\Local\Temp\ccvI2nOS.o
 .data          0x80005170        0x0 C:\Users\a0968\AppData\Local\Temp\cc6gtPRp.o
 .data          0x80005170        0x0 C:\Users\a0968\AppData\Local\Temp\ccL7FlV4.o
 .data          0x80005170        0x0 C:\Users\a0968\AppData\Local\Temp\ccYpOEOM.o
 .data          0x80005170        0x0 C:/riscv/xpack-riscv-none-elf-gcc/bin/../lib/gcc/riscv-none-elf/15.2.0/rv32im/ilp32\libgcc.a(_clzsi2.o)
 .data          0x80005170        0x0 C:/riscv/xpack-riscv-none-elf-gcc/bin/../lib/gcc/riscv-none-elf/15.2.0/rv32im/ilp32\libgcc.a(_clz.o)

.bss            0x80005170     0x1630
                0x80005170                        . = ALIGN (0x4)
                0x80005170                        __bss_start = .
 *(.sbss*)
 .sbss          0x80005170       0x10 C:\Users\a0968\AppData\Local\Temp\ccqMhSEX.o
 .sbss          0x80005180       0x34 C:\Users\a0968\AppData\Local\Temp\cc6gtPRp.o
                0x800051b0                pxCurrentTCB
 *fill*         0x800051b4        0x4 
 .sbss          0x800051b8       0x10 C:\Users\a0968\AppData\Local\Temp\ccL7FlV4.o
                0x800051b8                xTaskReturnAddress
                0x800051bc                pullMachineTimerCompareRegister
                0x800051c0                ullNextTime
 *(.bss*)
 .bss           0x800051c8        0x0 C:\Users\a0968\AppData\Local\Temp\ccK2UEEj.o
 .bss           0x800051c8      0xce8 C:\Users\a0968\AppData\Local\Temp\ccqMhSEX.o
 .bss           0x80005eb0        0x0 C:\Users\a0968\AppData\Local\Temp\ccsXYfLJ.o
 .bss           0x80005eb0      0x448 C:\Users\a0968\AppData\Local\Temp\ccAH2ACD.o
 .bss           0x800062f8        0x0 C:\Users\a0968\AppData\Local\Temp\ccOm2HiB.o
 .bss           0x800062f8        0x0 C:\Users\a0968\AppData\Local\Temp\ccuKxdlG.o
 .bss           0x800062f8        0x0 C:\Users\a0968\AppData\Local\Temp\ccvI2nOS.o
 .bss           0x800062f8       0xa0 C:\Users\a0968\AppData\Local\Temp\cc6gtPRp.o
 *fill*         0x80006398        0x8 
 .bss           0x800063a0      0x400 C:\Users\a0968\AppData\Local\Temp\ccL7FlV4.o
 .bss           0x800067a0        0x0 C:\Users\a0968\AppData\Local\Temp\ccYpOEOM.o
 .bss           0x800067a0        0x0 C:/riscv/xpack-riscv-none-elf-gcc/bin/../lib/gcc/riscv-none-elf/15.2.0/rv32im/ilp32\libgcc.a(_clzsi2.o)
 .bss           0x800067a0        0x0 C:/riscv/xpack-riscv-none-elf-gcc/bin/../lib/gcc/riscv-none-elf/15.2.0/rv32im/ilp32\libgcc.a(_clz.o)
 *(COMMON)
                0x800067a0                        . = ALIGN (0x4)
                0x800067a0                        __bss_end = .
                0x800067a0                        . = ALIGN (0x10)
                0x80080000                        __stack_top = (ORIGIN (DDR) + LENGTH (DDR))
LOAD C:\Users\a0968\AppData\Local\Temp\ccK2UEEj.o
LOAD C:\Users\a0968\AppData\Local\Temp\ccqMhSEX.o
LOAD C:\Users\a0968\AppData\Local\Temp\ccsXYfLJ.o
LOAD C:\Users\a0968\AppData\Local\Temp\ccAH2ACD.o
LOAD C:\Users\a0968\AppData\Local\Temp\ccOm2HiB.o
LOAD C:\Users\a0968\AppData\Local\Temp\ccuKxdlG.o
LOAD C:\Users\a0968\AppData\Local\Temp\ccvI2nOS.o
LOAD C:\Users\a0968\AppData\Local\Temp\cc6gtPRp.o
LOAD C:\Users\a0968\AppData\Local\Temp\ccL7FlV4.o
LOAD C:\Users\a0968\AppData\Local\Temp\ccYpOEOM.o
LOAD C:/riscv/xpack-riscv-none-elf-gcc/bin/../lib/gcc/riscv-none-elf/15.2.0/rv32im/ilp32\libgcc.a
OUTPUT(C:\cpu_design\build_rtos_apps\smoke\rtos_smoke.elf elf32-littleriscv)

.riscv.attributes
                0x00000000       0x37
 .riscv.attributes
                0x00000000       0x35 C:\Users\a0968\AppData\Local\Temp\ccK2UEEj.o
 .riscv.attributes
                0x00000035       0x37 C:\Users\a0968\AppData\Local\Temp\ccqMhSEX.o
 .riscv.attributes
                0x0000006c       0x33 C:\Users\a0968\AppData\Local\Temp\ccsXYfLJ.o
 .riscv.attributes
                0x0000009f       0x37 C:\Users\a0968\AppData\Local\Temp\ccAH2ACD.o
 .riscv.attributes
                0x000000d6       0x33 C:\Users\a0968\AppData\Local\Temp\ccOm2HiB.o
 .riscv.attributes
                0x00000109       0x33 C:\Users\a0968\AppData\Local\Temp\ccuKxdlG.o
 .riscv.attributes
                0x0000013c       0x37 C:\Users\a0968\AppData\Local\Temp\ccvI2nOS.o
 .riscv.attributes
                0x00000173       0x37 C:\Users\a0968\AppData\Local\Temp\cc6gtPRp.o
 .riscv.attributes
                0x000001aa       0x37 C:\Users\a0968\AppData\Local\Temp\ccL7FlV4.o
 .riscv.attributes
                0x000001e1       0x35 C:\Users\a0968\AppData\Local\Temp\ccYpOEOM.o
 .riscv.attributes
                0x00000216       0x2a C:/riscv/xpack-riscv-none-elf-gcc/bin/../lib/gcc/riscv-none-elf/15.2.0/rv32im/ilp32\libgcc.a(_clzsi2.o)
 .riscv.attributes
                0x00000240       0x2a C:/riscv/xpack-riscv-none-elf-gcc/bin/../lib/gcc/riscv-none-elf/15.2.0/rv32im/ilp32\libgcc.a(_clz.o)

.comment        0x00000000       0x33
 .comment       0x00000000       0x33 C:\Users\a0968\AppData\Local\Temp\ccqMhSEX.o
                                 0x34 (size before relaxing)
 .comment       0x00000033        0x0 C:\Users\a0968\AppData\Local\Temp\ccsXYfLJ.o
                                 0x34 (size before relaxing)
 .comment       0x00000033        0x0 C:\Users\a0968\AppData\Local\Temp\ccAH2ACD.o
                                 0x34 (size before relaxing)
 .comment       0x00000033        0x0 C:\Users\a0968\AppData\Local\Temp\ccOm2HiB.o
                                 0x34 (size before relaxing)
 .comment       0x00000033        0x0 C:\Users\a0968\AppData\Local\Temp\ccuKxdlG.o
                                 0x34 (size before relaxing)
 .comment       0x00000033        0x0 C:\Users\a0968\AppData\Local\Temp\ccvI2nOS.o
                                 0x34 (size before relaxing)
 .comment       0x00000033        0x0 C:\Users\a0968\AppData\Local\Temp\cc6gtPRp.o
                                 0x34 (size before relaxing)
 .comment       0x00000033        0x0 C:\Users\a0968\AppData\Local\Temp\ccL7FlV4.o
                                 0x34 (size before relaxing)
 .comment       0x00000033        0x0 C:/riscv/xpack-riscv-none-elf-gcc/bin/../lib/gcc/riscv-none-elf/15.2.0/rv32im/ilp32\libgcc.a(_clzsi2.o)
                                 0x34 (size before relaxing)
 .comment       0x00000033        0x0 C:/riscv/xpack-riscv-none-elf-gcc/bin/../lib/gcc/riscv-none-elf/15.2.0/rv32im/ilp32\libgcc.a(_clz.o)
                                 0x34 (size before relaxing)

.note.GNU-stack
                0x00000000        0x0
 .note.GNU-stack
                0x00000000        0x0 C:\Users\a0968\AppData\Local\Temp\ccqMhSEX.o
 .note.GNU-stack
                0x00000000        0x0 C:\Users\a0968\AppData\Local\Temp\ccsXYfLJ.o
 .note.GNU-stack
                0x00000000        0x0 C:\Users\a0968\AppData\Local\Temp\ccAH2ACD.o
 .note.GNU-stack
                0x00000000        0x0 C:\Users\a0968\AppData\Local\Temp\ccOm2HiB.o
 .note.GNU-stack
                0x00000000        0x0 C:\Users\a0968\AppData\Local\Temp\ccuKxdlG.o
 .note.GNU-stack
                0x00000000        0x0 C:\Users\a0968\AppData\Local\Temp\ccvI2nOS.o
 .note.GNU-stack
                0x00000000        0x0 C:\Users\a0968\AppData\Local\Temp\cc6gtPRp.o
 .note.GNU-stack
                0x00000000        0x0 C:\Users\a0968\AppData\Local\Temp\ccL7FlV4.o
 .note.GNU-stack
                0x00000000        0x0 C:/riscv/xpack-riscv-none-elf-gcc/bin/../lib/gcc/riscv-none-elf/15.2.0/rv32im/ilp32\libgcc.a(_clzsi2.o)
 .note.GNU-stack
                0x00000000        0x0 C:/riscv/xpack-riscv-none-elf-gcc/bin/../lib/gcc/riscv-none-elf/15.2.0/rv32im/ilp32\libgcc.a(_clz.o)

.debug_info     0x00000000      0x25a
 .debug_info    0x00000000      0x168 C:/riscv/xpack-riscv-none-elf-gcc/bin/../lib/gcc/riscv-none-elf/15.2.0/rv32im/ilp32\libgcc.a(_clzsi2.o)
 .debug_info    0x00000168       0xf2 C:/riscv/xpack-riscv-none-elf-gcc/bin/../lib/gcc/riscv-none-elf/15.2.0/rv32im/ilp32\libgcc.a(_clz.o)

.debug_abbrev   0x00000000      0x14f
 .debug_abbrev  0x00000000       0xd9 C:/riscv/xpack-riscv-none-elf-gcc/bin/../lib/gcc/riscv-none-elf/15.2.0/rv32im/ilp32\libgcc.a(_clzsi2.o)
 .debug_abbrev  0x000000d9       0x76 C:/riscv/xpack-riscv-none-elf-gcc/bin/../lib/gcc/riscv-none-elf/15.2.0/rv32im/ilp32\libgcc.a(_clz.o)

.debug_loclists
                0x00000000       0xe3
 .debug_loclists
                0x00000000       0xe3 C:/riscv/xpack-riscv-none-elf-gcc/bin/../lib/gcc/riscv-none-elf/15.2.0/rv32im/ilp32\libgcc.a(_clzsi2.o)

.debug_aranges  0x00000000       0x38
 .debug_aranges
                0x00000000       0x20 C:/riscv/xpack-riscv-none-elf-gcc/bin/../lib/gcc/riscv-none-elf/15.2.0/rv32im/ilp32\libgcc.a(_clzsi2.o)
 .debug_aranges
                0x00000020       0x18 C:/riscv/xpack-riscv-none-elf-gcc/bin/../lib/gcc/riscv-none-elf/15.2.0/rv32im/ilp32\libgcc.a(_clz.o)

.debug_rnglists
                0x00000000       0x2a
 .debug_rnglists
                0x00000000       0x2a C:/riscv/xpack-riscv-none-elf-gcc/bin/../lib/gcc/riscv-none-elf/15.2.0/rv32im/ilp32\libgcc.a(_clzsi2.o)

.debug_line     0x00000000      0x1a8
 .debug_line    0x00000000      0x15f C:/riscv/xpack-riscv-none-elf-gcc/bin/../lib/gcc/riscv-none-elf/15.2.0/rv32im/ilp32\libgcc.a(_clzsi2.o)
 .debug_line    0x0000015f       0x49 C:/riscv/xpack-riscv-none-elf-gcc/bin/../lib/gcc/riscv-none-elf/15.2.0/rv32im/ilp32\libgcc.a(_clz.o)

.debug_str      0x00000000      0x191
 .debug_str     0x00000000      0x191 C:/riscv/xpack-riscv-none-elf-gcc/bin/../lib/gcc/riscv-none-elf/15.2.0/rv32im/ilp32\libgcc.a(_clzsi2.o)
                                0x1f3 (size before relaxing)
 .debug_str     0x00000191        0x0 C:/riscv/xpack-riscv-none-elf-gcc/bin/../lib/gcc/riscv-none-elf/15.2.0/rv32im/ilp32\libgcc.a(_clz.o)
                                0x1d6 (size before relaxing)

.debug_line_str
                0x00000000      0x228
 .debug_line_str
                0x00000000      0x228 C:/riscv/xpack-riscv-none-elf-gcc/bin/../lib/gcc/riscv-none-elf/15.2.0/rv32im/ilp32\libgcc.a(_clzsi2.o)
                                0x232 (size before relaxing)
 .debug_line_str
                0x00000228        0x0 C:/riscv/xpack-riscv-none-elf-gcc/bin/../lib/gcc/riscv-none-elf/15.2.0/rv32im/ilp32\libgcc.a(_clz.o)
                                0x232 (size before relaxing)

.debug_frame    0x00000000       0x20
 .debug_frame   0x00000000       0x20 C:/riscv/xpack-riscv-none-elf-gcc/bin/../lib/gcc/riscv-none-elf/15.2.0/rv32im/ilp32\libgcc.a(_clzsi2.o)
