
There are no discarded input sections

Memory Configuration

Name             Origin             Length             Attributes
DDR              0x80000000         0x00080000         xrw
*default*        0x00000000         0xffffffff

Linker script and memory map

                0x80000000                        . = ORIGIN (DDR)

.text           0x80000000      0x8af
 *(.text.start)
 .text.start    0x80000000       0x1c build_os/crt0.o
                0x80000000                _start
 *(.text*)
 .text          0x8000001c        0x0 build_os/crt0.o
 .text          0x8000001c      0x160 build_os/game.o
 .text.startup  0x8000017c      0x6ac build_os/game.o
                0x8000017c                main
 *(.rodata*)
 .rodata.str1.4
                0x80000828       0x87 build_os/game.o

.rela.dyn       0x800008b0        0x0
 .rela.text.start
                0x800008b0        0x0 build_os/crt0.o

.data           0x800008af        0x0
                0x800010af                        __global_pointer$ = (. + 0x800)
 *(.sdata*)
 *(.data*)
 .data          0x800008af        0x0 build_os/crt0.o
 .data          0x800008af        0x0 build_os/game.o

.bss            0x800008b0       0x19
 *(.sbss*)
 *(.bss*)
 .bss           0x800008b0        0x0 build_os/crt0.o
 .bss           0x800008b0       0x19 build_os/game.o
 *(COMMON)
                0x800008d0                        . = ALIGN (0x10)
                0x8007fffc                        __stack_top = ((ORIGIN (DDR) + LENGTH (DDR)) - 0x4)
LOAD build_os/crt0.o
LOAD build_os/game.o
OUTPUT(build_os/game.elf elf32-littleriscv)

.riscv.attributes
                0x00000000       0x1c
 .riscv.attributes
                0x00000000       0x1a build_os/crt0.o
 .riscv.attributes
                0x0000001a       0x1c build_os/game.o

.comment        0x00000000       0x33
 .comment       0x00000000       0x33 build_os/game.o
                                 0x34 (size before relaxing)

.note.GNU-stack
                0x00000000        0x0
 .note.GNU-stack
                0x00000000        0x0 build_os/game.o
