Archive member included to satisfy reference by file (symbol)

C:/riscv/xpack-riscv-none-elf-gcc/bin/../lib/gcc/riscv-none-elf/15.2.0/rv32im/ilp32\libgcc.a(_clzsi2.o)
                              C:\Users\a0968\AppData\Local\Temp\ccrbACRl.o (__clzsi2)
C:/riscv/xpack-riscv-none-elf-gcc/bin/../lib/gcc/riscv-none-elf/15.2.0/rv32im/ilp32\libgcc.a(_clz.o)
                              C:/riscv/xpack-riscv-none-elf-gcc/bin/../lib/gcc/riscv-none-elf/15.2.0/rv32im/ilp32\libgcc.a(_clzsi2.o) (__clz_tab)

There are no discarded input sections

Memory Configuration

Name             Origin             Length             Attributes
DDR              0x80000000         0x00080000         xrw
*default*        0x00000000         0xffffffff

Linker script and memory map

                0x80000000                        . = ORIGIN (DDR)

.text           0x80000000     0x5154
 *(.text.start)
 .text.start    0x80000000       0x50 C:\Users\a0968\AppData\Local\Temp\ccqAB9Qk.o
                0x80000000                _start
 *(.text*)
 .text          0x80000050        0x0 C:\Users\a0968\AppData\Local\Temp\ccqAB9Qk.o
 .text          0x80000050      0x31c C:\Users\a0968\AppData\Local\Temp\ccrqIrfn.o
 .text.startup  0x8000036c      0x134 C:\Users\a0968\AppData\Local\Temp\ccrqIrfn.o
                0x8000036c                main
 .text          0x800004a0      0x114 C:\Users\a0968\AppData\Local\Temp\cc0jqSSy.o
                0x800004a0                rtos_uart_putc
                0x800004c0                rtos_uart_write
                0x80000518                rtos_uart_write_hex32
                0x8000058c                rtos_uart_write_line
 .text          0x800005b4      0x3cc C:\Users\a0968\AppData\Local\Temp\cc5740yN.o
                0x800005b4                vAssertCalled
                0x8000068c                vApplicationGetIdleTaskMemory
                0x800006ac                vApplicationStackOverflowHook
                0x800006f8                freertos_risc_v_application_exception_handler
                0x8000083c                freertos_risc_v_application_interrupt_handler
 .text          0x80000980       0xe0 C:\Users\a0968\AppData\Local\Temp\cc4YumS6.o
                0x80000980                memset
                0x8000099c                memcpy
                0x800009c0                memmove
                0x80000a08                memcmp
                0x80000a3c                strlen
 .text          0x80000a60       0xec C:\Users\a0968\AppData\Local\Temp\ccPOzXrx.o
                0x80000a60                vListInitialise
                0x80000a80                vListInitialiseItem
                0x80000a88                vListInsertEnd
                0x80000ab4                vListInsert
                0x80000b04                uxListRemove
 .text          0x80000b4c     0x1718 C:\Users\a0968\AppData\Local\Temp\ccIWp5lh.o
                0x80000d4c                xQueueGenericReset
                0x80000e7c                xQueueGenericCreateStatic
                0x80000f68                xQueueGenericGetStaticBuffers
                0x80001004                xQueueGenericSend
                0x800012c0                xQueueGenericSendFromISR
                0x8000145c                xQueueGiveFromISR
                0x80001598                xQueueReceive
                0x8000185c                xQueueSemaphoreTake
                0x80001ad0                xQueuePeek
                0x80001d88                xQueueReceiveFromISR
                0x80001f34                xQueuePeekFromISR
                0x80002058                uxQueueMessagesWaiting
                0x800020c8                uxQueueSpacesAvailable
                0x80002148                uxQueueMessagesWaitingFromISR
                0x8000218c                vQueueDelete
                0x800021ac                uxQueueGetQueueItemSize
                0x800021b4                uxQueueGetQueueLength
                0x800021bc                xQueueIsQueueEmptyFromISR
                0x80002208                xQueueIsQueueFullFromISR
 .text          0x80002264     0x2094 C:\Users\a0968\AppData\Local\Temp\ccrbACRl.o
                0x80002600                xTaskCreateStatic
                0x800029d4                vTaskStartScheduler
                0x80002a88                vTaskEndScheduler
                0x80002a9c                vTaskSuspendAll
                0x80002ab0                xTaskResumeAll
                0x80002d0c                vTaskDelay
                0x80002da4                xTaskGetTickCount
                0x80002db0                xTaskGetTickCountFromISR
                0x80002dbc                uxTaskGetNumberOfTasks
                0x80002dc8                pcTaskGetName
                0x80002e1c                xTaskGetStaticBuffers
                0x80002ee4                xTaskCatchUpTicks
                0x80002f64                xTaskIncrementTick
                0x80002f90                vTaskSwitchContext
                0x800030c4                vTaskPlaceOnEventList
                0x80003130                vTaskPlaceOnUnorderedEventList
                0x80003224                xTaskRemoveFromEventList
                0x800033a8                vTaskRemoveFromUnorderedEventList
                0x8000354c                vTaskSetTimeOutState
                0x800035bc                vTaskInternalSetTimeOutState
                0x800035d8                xTaskCheckForTimeOut
                0x800036c4                vTaskMissedYield
                0x800036d4                xTaskGetSchedulerState
                0x800036f8                uxTaskResetEventItemValue
                0x80003720                ulTaskGenericNotifyTake
                0x80003868                xTaskGenericNotifyWait
                0x800039f8                xTaskGenericNotify
                0x80003c8c                xTaskGenericNotifyFromISR
                0x80003f78                vTaskGenericNotifyGiveFromISR
                0x80004178                xTaskGenericNotifyStateClear
                0x80004208                ulTaskGenericNotifyValueClear
                0x8000429c                vTaskResetState
 .text          0x800042f8       0xe8 C:\Users\a0968\AppData\Local\Temp\ccjYTIum.o
                0x800042f8                vPortSetupTimerInterrupt
                0x80004390                xPortStartScheduler
                0x800043dc                vPortEndScheduler
 .text          0x800043e0      0x120 C:\Users\a0968\AppData\Local\Temp\cc1nQf1s.o
                0x800043e0                pxPortInitialiseStack
                0x80004440                xPortStartFirstTask
 .text.freertos_risc_v_exception_handler
                0x80004500      0x20c C:\Users\a0968\AppData\Local\Temp\cc1nQf1s.o
                0x80004500                freertos_risc_v_exception_handler
 .text.freertos_risc_v_interrupt_handler
                0x8000470c      0x154 C:\Users\a0968\AppData\Local\Temp\cc1nQf1s.o
                0x8000470c                freertos_risc_v_interrupt_handler
 .text.freertos_risc_v_mtimer_interrupt_handler
                0x80004860      0x1a4 C:\Users\a0968\AppData\Local\Temp\cc1nQf1s.o
                0x80004860                freertos_risc_v_mtimer_interrupt_handler
 *fill*         0x80004a04       0xfc 
 .text.freertos_risc_v_trap_handler
                0x80004b00      0x200 C:\Users\a0968\AppData\Local\Temp\cc1nQf1s.o
                0x80004b00                freertos_risc_v_trap_handler
 .text          0x80004d00        0x0 C:/riscv/xpack-riscv-none-elf-gcc/bin/../lib/gcc/riscv-none-elf/15.2.0/rv32im/ilp32\libgcc.a(_clzsi2.o)
 .text.__clzsi2
                0x80004d00       0x88 C:/riscv/xpack-riscv-none-elf-gcc/bin/../lib/gcc/riscv-none-elf/15.2.0/rv32im/ilp32\libgcc.a(_clzsi2.o)
                0x80004d00                __clzsi2
 .text          0x80004d88        0x0 C:/riscv/xpack-riscv-none-elf-gcc/bin/../lib/gcc/riscv-none-elf/15.2.0/rv32im/ilp32\libgcc.a(_clz.o)
 *(.rodata*)
 .rodata.str1.4
                0x80004d88      0x28e C:\Users\a0968\AppData\Local\Temp\ccrqIrfn.o
                                0x10d (size before relaxing)
 .rodata.str1.4
                0x80005016        0x0 C:\Users\a0968\AppData\Local\Temp\cc0jqSSy.o
                                  0x6 (size before relaxing)
 *fill*         0x80005016        0x2 
 .rodata        0x80005018       0x11 C:\Users\a0968\AppData\Local\Temp\cc0jqSSy.o
 .rodata.str1.4
                0x80005029        0x0 C:\Users\a0968\AppData\Local\Temp\cc5740yN.o
                                 0xc8 (size before relaxing)
 .rodata.str1.4
                0x80005029        0x0 C:\Users\a0968\AppData\Local\Temp\ccIWp5lh.o
                                 0x5e (size before relaxing)
 .rodata.str1.4
                0x80005029        0x0 C:\Users\a0968\AppData\Local\Temp\ccrbACRl.o
                                 0x5e (size before relaxing)
 *fill*         0x80005029        0x3 
 .rodata        0x8000502c       0x28 C:\Users\a0968\AppData\Local\Temp\ccrbACRl.o
 .rodata.__clz_tab
                0x80005054      0x100 C:/riscv/xpack-riscv-none-elf-gcc/bin/../lib/gcc/riscv-none-elf/15.2.0/rv32im/ilp32\libgcc.a(_clz.o)
                0x80005054                __clz_tab

.srodata        0x80005154       0x10
 .srodata       0x80005154        0x4 C:\Users\a0968\AppData\Local\Temp\ccrbACRl.o
 .srodata       0x80005158        0xc C:\Users\a0968\AppData\Local\Temp\ccjYTIum.o
                0x80005158                ullMachineTimerCompareRegisterBase
                0x8000515c                uxTimerIncrementsForOneTick
                0x80005160                xISRStackTop

.rela.dyn       0x80005164        0x0
 .rela.text.start
                0x80005164        0x0 C:\Users\a0968\AppData\Local\Temp\ccqAB9Qk.o

.data           0x80005164        0xc
                0x80005164                        . = ALIGN (0x4)
                0x80005964                        __global_pointer$ = (. + 0x800)
 *(.sdata*)
 .sdata         0x80005164        0xc C:\Users\a0968\AppData\Local\Temp\ccjYTIum.o
                0x80005164                pxCriticalNesting
                0x80005168                xCriticalNesting
                0x8000516c                pullNextTime
 *(.data*)
 .data          0x80005170        0x0 C:\Users\a0968\AppData\Local\Temp\ccqAB9Qk.o
 .data          0x80005170        0x0 C:\Users\a0968\AppData\Local\Temp\ccrqIrfn.o
 .data          0x80005170        0x0 C:\Users\a0968\AppData\Local\Temp\cc0jqSSy.o
 .data          0x80005170        0x0 C:\Users\a0968\AppData\Local\Temp\cc5740yN.o
 .data          0x80005170        0x0 C:\Users\a0968\AppData\Local\Temp\cc4YumS6.o
 .data          0x80005170        0x0 C:\Users\a0968\AppData\Local\Temp\ccPOzXrx.o
 .data          0x80005170        0x0 C:\Users\a0968\AppData\Local\Temp\ccIWp5lh.o
 .data          0x80005170        0x0 C:\Users\a0968\AppData\Local\Temp\ccrbACRl.o
 .data          0x80005170        0x0 C:\Users\a0968\AppData\Local\Temp\ccjYTIum.o
 .data          0x80005170        0x0 C:\Users\a0968\AppData\Local\Temp\cc1nQf1s.o
 .data          0x80005170        0x0 C:/riscv/xpack-riscv-none-elf-gcc/bin/../lib/gcc/riscv-none-elf/15.2.0/rv32im/ilp32\libgcc.a(_clzsi2.o)
 .data          0x80005170        0x0 C:/riscv/xpack-riscv-none-elf-gcc/bin/../lib/gcc/riscv-none-elf/15.2.0/rv32im/ilp32\libgcc.a(_clz.o)

.bss            0x80005170     0x1630
                0x80005170                        . = ALIGN (0x4)
                0x80005170                        __bss_start = .
 *(.sbss*)
 .sbss          0x80005170       0x10 C:\Users\a0968\AppData\Local\Temp\ccrqIrfn.o
 .sbss          0x80005180       0x34 C:\Users\a0968\AppData\Local\Temp\ccrbACRl.o
                0x800051b0                pxCurrentTCB
 *fill*         0x800051b4        0x4 
 .sbss          0x800051b8       0x10 C:\Users\a0968\AppData\Local\Temp\ccjYTIum.o
                0x800051b8                xTaskReturnAddress
                0x800051bc                pullMachineTimerCompareRegister
                0x800051c0                ullNextTime
 *(.bss*)
 .bss           0x800051c8        0x0 C:\Users\a0968\AppData\Local\Temp\ccqAB9Qk.o
 .bss           0x800051c8      0xce8 C:\Users\a0968\AppData\Local\Temp\ccrqIrfn.o
 .bss           0x80005eb0        0x0 C:\Users\a0968\AppData\Local\Temp\cc0jqSSy.o
 .bss           0x80005eb0      0x448 C:\Users\a0968\AppData\Local\Temp\cc5740yN.o
 .bss           0x800062f8        0x0 C:\Users\a0968\AppData\Local\Temp\cc4YumS6.o
 .bss           0x800062f8        0x0 C:\Users\a0968\AppData\Local\Temp\ccPOzXrx.o
 .bss           0x800062f8        0x0 C:\Users\a0968\AppData\Local\Temp\ccIWp5lh.o
 .bss           0x800062f8       0xa0 C:\Users\a0968\AppData\Local\Temp\ccrbACRl.o
 *fill*         0x80006398        0x8 
 .bss           0x800063a0      0x400 C:\Users\a0968\AppData\Local\Temp\ccjYTIum.o
 .bss           0x800067a0        0x0 C:\Users\a0968\AppData\Local\Temp\cc1nQf1s.o
 .bss           0x800067a0        0x0 C:/riscv/xpack-riscv-none-elf-gcc/bin/../lib/gcc/riscv-none-elf/15.2.0/rv32im/ilp32\libgcc.a(_clzsi2.o)
 .bss           0x800067a0        0x0 C:/riscv/xpack-riscv-none-elf-gcc/bin/../lib/gcc/riscv-none-elf/15.2.0/rv32im/ilp32\libgcc.a(_clz.o)
 *(COMMON)
                0x800067a0                        . = ALIGN (0x4)
                0x800067a0                        __bss_end = .
                0x800067a0                        . = ALIGN (0x10)
                0x80080000                        __stack_top = (ORIGIN (DDR) + LENGTH (DDR))
LOAD C:\Users\a0968\AppData\Local\Temp\ccqAB9Qk.o
LOAD C:\Users\a0968\AppData\Local\Temp\ccrqIrfn.o
LOAD C:\Users\a0968\AppData\Local\Temp\cc0jqSSy.o
LOAD C:\Users\a0968\AppData\Local\Temp\cc5740yN.o
LOAD C:\Users\a0968\AppData\Local\Temp\cc4YumS6.o
LOAD C:\Users\a0968\AppData\Local\Temp\ccPOzXrx.o
LOAD C:\Users\a0968\AppData\Local\Temp\ccIWp5lh.o
LOAD C:\Users\a0968\AppData\Local\Temp\ccrbACRl.o
LOAD C:\Users\a0968\AppData\Local\Temp\ccjYTIum.o
LOAD C:\Users\a0968\AppData\Local\Temp\cc1nQf1s.o
LOAD C:/riscv/xpack-riscv-none-elf-gcc/bin/../lib/gcc/riscv-none-elf/15.2.0/rv32im/ilp32\libgcc.a
OUTPUT(C:\cpu_design\build_verify_rtos_fixed\rtos_smoke.elf elf32-littleriscv)

.riscv.attributes
                0x00000000       0x37
 .riscv.attributes
                0x00000000       0x35 C:\Users\a0968\AppData\Local\Temp\ccqAB9Qk.o
 .riscv.attributes
                0x00000035       0x37 C:\Users\a0968\AppData\Local\Temp\ccrqIrfn.o
 .riscv.attributes
                0x0000006c       0x33 C:\Users\a0968\AppData\Local\Temp\cc0jqSSy.o
 .riscv.attributes
                0x0000009f       0x37 C:\Users\a0968\AppData\Local\Temp\cc5740yN.o
 .riscv.attributes
                0x000000d6       0x33 C:\Users\a0968\AppData\Local\Temp\cc4YumS6.o
 .riscv.attributes
                0x00000109       0x33 C:\Users\a0968\AppData\Local\Temp\ccPOzXrx.o
 .riscv.attributes
                0x0000013c       0x37 C:\Users\a0968\AppData\Local\Temp\ccIWp5lh.o
 .riscv.attributes
                0x00000173       0x37 C:\Users\a0968\AppData\Local\Temp\ccrbACRl.o
 .riscv.attributes
                0x000001aa       0x37 C:\Users\a0968\AppData\Local\Temp\ccjYTIum.o
 .riscv.attributes
                0x000001e1       0x35 C:\Users\a0968\AppData\Local\Temp\cc1nQf1s.o
 .riscv.attributes
                0x00000216       0x2a C:/riscv/xpack-riscv-none-elf-gcc/bin/../lib/gcc/riscv-none-elf/15.2.0/rv32im/ilp32\libgcc.a(_clzsi2.o)
 .riscv.attributes
                0x00000240       0x2a C:/riscv/xpack-riscv-none-elf-gcc/bin/../lib/gcc/riscv-none-elf/15.2.0/rv32im/ilp32\libgcc.a(_clz.o)

.comment        0x00000000       0x33
 .comment       0x00000000       0x33 C:\Users\a0968\AppData\Local\Temp\ccrqIrfn.o
                                 0x34 (size before relaxing)
 .comment       0x00000033        0x0 C:\Users\a0968\AppData\Local\Temp\cc0jqSSy.o
                                 0x34 (size before relaxing)
 .comment       0x00000033        0x0 C:\Users\a0968\AppData\Local\Temp\cc5740yN.o
                                 0x34 (size before relaxing)
 .comment       0x00000033        0x0 C:\Users\a0968\AppData\Local\Temp\cc4YumS6.o
                                 0x34 (size before relaxing)
 .comment       0x00000033        0x0 C:\Users\a0968\AppData\Local\Temp\ccPOzXrx.o
                                 0x34 (size before relaxing)
 .comment       0x00000033        0x0 C:\Users\a0968\AppData\Local\Temp\ccIWp5lh.o
                                 0x34 (size before relaxing)
 .comment       0x00000033        0x0 C:\Users\a0968\AppData\Local\Temp\ccrbACRl.o
                                 0x34 (size before relaxing)
 .comment       0x00000033        0x0 C:\Users\a0968\AppData\Local\Temp\ccjYTIum.o
                                 0x34 (size before relaxing)
 .comment       0x00000033        0x0 C:/riscv/xpack-riscv-none-elf-gcc/bin/../lib/gcc/riscv-none-elf/15.2.0/rv32im/ilp32\libgcc.a(_clzsi2.o)
                                 0x34 (size before relaxing)
 .comment       0x00000033        0x0 C:/riscv/xpack-riscv-none-elf-gcc/bin/../lib/gcc/riscv-none-elf/15.2.0/rv32im/ilp32\libgcc.a(_clz.o)
                                 0x34 (size before relaxing)

.note.GNU-stack
                0x00000000        0x0
 .note.GNU-stack
                0x00000000        0x0 C:\Users\a0968\AppData\Local\Temp\ccrqIrfn.o
 .note.GNU-stack
                0x00000000        0x0 C:\Users\a0968\AppData\Local\Temp\cc0jqSSy.o
 .note.GNU-stack
                0x00000000        0x0 C:\Users\a0968\AppData\Local\Temp\cc5740yN.o
 .note.GNU-stack
                0x00000000        0x0 C:\Users\a0968\AppData\Local\Temp\cc4YumS6.o
 .note.GNU-stack
                0x00000000        0x0 C:\Users\a0968\AppData\Local\Temp\ccPOzXrx.o
 .note.GNU-stack
                0x00000000        0x0 C:\Users\a0968\AppData\Local\Temp\ccIWp5lh.o
 .note.GNU-stack
                0x00000000        0x0 C:\Users\a0968\AppData\Local\Temp\ccrbACRl.o
 .note.GNU-stack
                0x00000000        0x0 C:\Users\a0968\AppData\Local\Temp\ccjYTIum.o
 .note.GNU-stack
                0x00000000        0x0 C:/riscv/xpack-riscv-none-elf-gcc/bin/../lib/gcc/riscv-none-elf/15.2.0/rv32im/ilp32\libgcc.a(_clzsi2.o)
 .note.GNU-stack
                0x00000000        0x0 C:/riscv/xpack-riscv-none-elf-gcc/bin/../lib/gcc/riscv-none-elf/15.2.0/rv32im/ilp32\libgcc.a(_clz.o)

.debug_info     0x00000000      0x25a
 .debug_info    0x00000000      0x168 C:/riscv/xpack-riscv-none-elf-gcc/bin/../lib/gcc/riscv-none-elf/15.2.0/rv32im/ilp32\libgcc.a(_clzsi2.o)
 .debug_info    0x00000168       0xf2 C:/riscv/xpack-riscv-none-elf-gcc/bin/../lib/gcc/riscv-none-elf/15.2.0/rv32im/ilp32\libgcc.a(_clz.o)

.debug_abbrev   0x00000000      0x14f
 .debug_abbrev  0x00000000       0xd9 C:/riscv/xpack-riscv-none-elf-gcc/bin/../lib/gcc/riscv-none-elf/15.2.0/rv32im/ilp32\libgcc.a(_clzsi2.o)
 .debug_abbrev  0x000000d9       0x76 C:/riscv/xpack-riscv-none-elf-gcc/bin/../lib/gcc/riscv-none-elf/15.2.0/rv32im/ilp32\libgcc.a(_clz.o)

.debug_loclists
                0x00000000       0xe3
 .debug_loclists
                0x00000000       0xe3 C:/riscv/xpack-riscv-none-elf-gcc/bin/../lib/gcc/riscv-none-elf/15.2.0/rv32im/ilp32\libgcc.a(_clzsi2.o)

.debug_aranges  0x00000000       0x38
 .debug_aranges
                0x00000000       0x20 C:/riscv/xpack-riscv-none-elf-gcc/bin/../lib/gcc/riscv-none-elf/15.2.0/rv32im/ilp32\libgcc.a(_clzsi2.o)
 .debug_aranges
                0x00000020       0x18 C:/riscv/xpack-riscv-none-elf-gcc/bin/../lib/gcc/riscv-none-elf/15.2.0/rv32im/ilp32\libgcc.a(_clz.o)

.debug_rnglists
                0x00000000       0x2a
 .debug_rnglists
                0x00000000       0x2a C:/riscv/xpack-riscv-none-elf-gcc/bin/../lib/gcc/riscv-none-elf/15.2.0/rv32im/ilp32\libgcc.a(_clzsi2.o)

.debug_line     0x00000000      0x1a8
 .debug_line    0x00000000      0x15f C:/riscv/xpack-riscv-none-elf-gcc/bin/../lib/gcc/riscv-none-elf/15.2.0/rv32im/ilp32\libgcc.a(_clzsi2.o)
 .debug_line    0x0000015f       0x49 C:/riscv/xpack-riscv-none-elf-gcc/bin/../lib/gcc/riscv-none-elf/15.2.0/rv32im/ilp32\libgcc.a(_clz.o)

.debug_str      0x00000000      0x191
 .debug_str     0x00000000      0x191 C:/riscv/xpack-riscv-none-elf-gcc/bin/../lib/gcc/riscv-none-elf/15.2.0/rv32im/ilp32\libgcc.a(_clzsi2.o)
                                0x1f3 (size before relaxing)
 .debug_str     0x00000191        0x0 C:/riscv/xpack-riscv-none-elf-gcc/bin/../lib/gcc/riscv-none-elf/15.2.0/rv32im/ilp32\libgcc.a(_clz.o)
                                0x1d6 (size before relaxing)

.debug_line_str
                0x00000000      0x228
 .debug_line_str
                0x00000000      0x228 C:/riscv/xpack-riscv-none-elf-gcc/bin/../lib/gcc/riscv-none-elf/15.2.0/rv32im/ilp32\libgcc.a(_clzsi2.o)
                                0x232 (size before relaxing)
 .debug_line_str
                0x00000228        0x0 C:/riscv/xpack-riscv-none-elf-gcc/bin/../lib/gcc/riscv-none-elf/15.2.0/rv32im/ilp32\libgcc.a(_clz.o)
                                0x232 (size before relaxing)

.debug_frame    0x00000000       0x20
 .debug_frame   0x00000000       0x20 C:/riscv/xpack-riscv-none-elf-gcc/bin/../lib/gcc/riscv-none-elf/15.2.0/rv32im/ilp32\libgcc.a(_clzsi2.o)
